app/(dashboard)/contracts/[id]/page.tsx(224,22): error TS2339: Property 'quote_number' does not exist on type 'Quotation'.
app/(dashboard)/contracts/new/new-contract-client.tsx(125,44): error TS2345: Argument of type '{ name: string; amount: number; due_date: string | undefined; status: string; }[]' is not assignable to parameter of type 'Partial<ContractMilestone>[]'.
  Type '{ name: string; amount: number; due_date: string | undefined; status: string; }' is not assignable to type 'Partial<ContractMilestone>'.
    Types of property 'status' are incompatible.
      Type 'string' is not assignable to type '"completed" | "pending" | "overdue" | undefined'.
components/contracts/contract-form.tsx(109,2): error TS2322: Type 'string | null' is not assignable to type 'string | undefined'.
  Type 'null' is not assignable to type 'string | undefined'.
components/customers/customer-form.tsx(97,18): error TS2339: Property 'notes' does not exist on type 'Customer'.
components/quotations/quotation-cell-action.tsx(74,85): error TS2339: Property 'quote_number' does not exist on type 'Quotation'.
components/quotations/quotation-columns.tsx(39,36): error TS2339: Property 'quote_number' does not exist on type 'Quotation'.
components/quotations/quotation-preview.tsx(53,62): error TS2339: Property 'quote_number' does not exist on type '{ company_info: { name: string; address: string; phone: string; email: string; tax_code: string; website: string; }; id?: string | undefined; quotation_number?: string | undefined; customer_id?: string | undefined; ... 28 more ...; updated_at?: string | undefined; }'.
